This is pdfTeX, Version 3.141592653-2.6-1.40.29 (MiKTeX 26.2) (preloaded format=pdflatex 2026.4.1)  7 MAY 2026 15:22
entering extended mode
 restricted \write18 enabled.
 %&-line parsing enabled.
**./header.tex
(header.tex
LaTeX2e <2025-11-01>
L3 programming layer <2026-01-19>
! Undefined control sequence.
l.42 \fancypagestyle
                    {corporativo}{%
The control sequence at the end of the top line
of your error message was never \def'ed. If you have
misspelled it (e.g., `\hobx'), type `I' and the correct
spelling (e.g., `I\hbox'). Otherwise just continue,
and I'll forget about whatever was undefined.


! LaTeX Error: Missing \begin{document}.

See the LaTeX manual or LaTeX Companion for explanation.
Type  H <return>  for immediate help.
 ...                                              
                                                  
l.42 \fancypagestyle{c
                      orporativo}{%
You're in trouble here.  Try typing  <return>  to proceed.
If that doesn't work, type  X <return>  to quit.

Missing character: There is no c in font nullfont!
Missing character: There is no o in font nullfont!
Missing character: There is no r in font nullfont!
Missing character: There is no p in font nullfont!
Missing character: There is no o in font nullfont!
Missing character: There is no r in font nullfont!
Missing character: There is no a in font nullfont!
Missing character: There is no t in font nullfont!
Missing character: There is no i in font nullfont!
Missing character: There is no v in font nullfont!
Missing character: There is no o in font nullfont!
! Undefined control sequence.
l.43     \fancyhf
                 {} % Limpia todo
The control sequence at the end of the top line
of your error message was never \def'ed. If you have
misspelled it (e.g., `\hobx'), type `I' and the correct
spelling (e.g., `I\hbox'). Otherwise just continue,
and I'll forget about whatever was undefined.

! Undefined control sequence.
l.44     \fancyhead
                   [C]{\empresaheader} % Membrete centrado
The control sequence at the end of the top line
of your error message was never \def'ed. If you have
misspelled it (e.g., `\hobx'), type `I' and the correct
spelling (e.g., `I\hbox'). Otherwise just continue,
and I'll forget about whatever was undefined.

Missing character: There is no [ in font nullfont!
Missing character: There is no C in font nullfont!
Missing character: There is no ] in font nullfont!

! LaTeX Error: Environment tabularx undefined.

See the LaTeX manual or LaTeX Companion for explanation.
Type  H <return>  for immediate help.
 ...                                              
                                                  
l.44     \fancyhead[C]{\empresaheader
                                     } % Membrete centrado
Your command was ignored.
Type  I <command> <return>  to replace it with another command,
or  <return>  to continue without it.

! Missing number, treated as zero.
<to be read again> 
                   }
l.44     \fancyhead[C]{\empresaheader
                                     } % Membrete centrado
A number should have been here; I inserted `0'.
(If you can't figure out why I needed to see a number,
look up `weird error' in the index to The TeXbook.)

! Illegal unit of measure (pt inserted).
<to be read again> 
                   }
l.44     \fancyhead[C]{\empresaheader
                                     } % Membrete centrado
Dimensions can be in units of em, ex, in, pt, pc,
cm, mm, dd, cc, nd, nc, bp, or sp; but yours is a new one!
I'll assume that you meant to say pt, for printer's points.
To recover gracefully from this error, it's best to
delete the erroneous units; e.g., type `2' to delete
two letters. (See Chapter 27 of The TeXbook.)

Missing character: There is no @ in font nullfont!
Missing character: There is no | in font nullfont!
Missing character: There is no > in font nullfont!
! Undefined control sequence.
\empresaheader ...}|>{ \centering \arraybackslash 
                                                  }p{2.5cm}|>{ \centering \a...
l.44     \fancyhead[C]{\empresaheader
                                     } % Membrete centrado
The control sequence at the end of the top line
of your error message was never \def'ed. If you have
misspelled it (e.g., `\hobx'), type `I' and the correct
spelling (e.g., `I\hbox'). Otherwise just continue,
and I'll forget about whatever was undefined.

Missing character: There is no p in font nullfont!
Missing character: There is no 2 in font nullfont!
Missing character: There is no . in font nullfont!
Missing character: There is no 5 in font nullfont!
Missing character: There is no c in font nullfont!
Missing character: There is no m in font nullfont!
Missing character: There is no | in font nullfont!
Missing character: There is no > in font nullfont!
! Undefined control sequence.
\empresaheader ...}|>{ \centering \arraybackslash 
                                                  }p{2.5cm}|>{ \centering \a...
l.44     \fancyhead[C]{\empresaheader
                                     } % Membrete centrado
The control sequence at the end of the top line
of your error message was never \def'ed. If you have
misspelled it (e.g., `\hobx'), type `I' and the correct
spelling (e.g., `I\hbox'). Otherwise just continue,
and I'll forget about whatever was undefined.

Missing character: There is no p in font nullfont!
Missing character: There is no 2 in font nullfont!
Missing character: There is no . in font nullfont!
Missing character: There is no 5 in font nullfont!
Missing character: There is no c in font nullfont!
Missing character: There is no m in font nullfont!
Missing character: There is no | in font nullfont!
Missing character: There is no > in font nullfont!
! Undefined control sequence.
\empresaheader ...}|>{ \centering \arraybackslash 
                                                  }X|>{ \raggedright \arrayb...
l.44     \fancyhead[C]{\empresaheader
                                     } % Membrete centrado
The control sequence at the end of the top line
of your error message was never \def'ed. If you have
misspelled it (e.g., `\hobx'), type `I' and the correct
spelling (e.g., `I\hbox'). Otherwise just continue,
and I'll forget about whatever was undefined.

Missing character: There is no X in font nullfont!
Missing character: There is no | in font nullfont!
Missing character: There is no > in font nullfont!
! Undefined control sequence.
\empresaheader ...>{ \raggedright \arraybackslash 
                                                  }p{2cm}|>{ \raggedright \a...
l.44     \fancyhead[C]{\empresaheader
                                     } % Membrete centrado
The control sequence at the end of the top line
of your error message was never \def'ed. If you have
misspelled it (e.g., `\hobx'), type `I' and the correct
spelling (e.g., `I\hbox'). Otherwise just continue,
and I'll forget about whatever was undefined.

Missing character: There is no p in font nullfont!
Missing character: There is no 2 in font nullfont!
Missing character: There is no c in font nullfont!
Missing character: There is no m in font nullfont!
Missing character: There is no | in font nullfont!
Missing character: There is no > in font nullfont!
! Undefined control sequence.
\empresaheader ...>{ \raggedright \arraybackslash 
                                                  }p{3cm}|@{}} \hline \multi...
l.44     \fancyhead[C]{\empresaheader
                                     } % Membrete centrado
The control sequence at the end of the top line
of your error message was never \def'ed. If you have
misspelled it (e.g., `\hobx'), type `I' and the correct
spelling (e.g., `I\hbox'). Otherwise just continue,
and I'll forget about whatever was undefined.

Missing character: There is no p in font nullfont!
Missing character: There is no 3 in font nullfont!
Missing character: There is no c in font nullfont!
Missing character: There is no m in font nullfont!
Missing character: There is no | in font nullfont!
Missing character: There is no @ in font nullfont!
! Misplaced \noalign.
\hline ->\noalign 
                  {\ifnum 0=`}\fi \hrule \@height \arrayrulewidth \futurelet...
l.44     \fancyhead[C]{\empresaheader
                                     } % Membrete centrado
I expect to see \noalign only after the \cr of
an alignment. Proceed, and I'll ignore this case.


Overfull \hbox (20.0pt too wide) in paragraph at lines 42--44
[]
 []

! Undefined control sequence.
<recently read> \multirow 
                          
l.44     \fancyhead[C]{\empresaheader
                                     } % Membrete centrado
The control sequence at the end of the top line
of your error message was never \def'ed. If you have
misspelled it (e.g., `\hobx'), type `I' and the correct
spelling (e.g., `I\hbox'). Otherwise just continue,
and I'll forget about whatever was undefined.


! LaTeX Error: Missing \begin{document}.

See the LaTeX manual or LaTeX Companion for explanation.
Type  H <return>  for immediate help.
 ...                                              
                                                  
l.44     \fancyhead[C]{\empresaheader
                                     } % Membrete centrado
You're in trouble here.  Try typing  <return>  to proceed.
If that doesn't work, type  X <return>  to quit.

Missing character: There is no 5 in font nullfont!
Missing character: There is no = in font nullfont!
! Undefined control sequence.
\empresaheader ...ultirow {5}{=}{\includegraphics 
                                                  [width=2.3cm,height=2.5cm,...
l.44     \fancyhead[C]{\empresaheader
                                     } % Membrete centrado
The control sequence at the end of the top line
of your error message was never \def'ed. If you have
misspelled it (e.g., `\hobx'), type `I' and the correct
spelling (e.g., `I\hbox'). Otherwise just continue,
and I'll forget about whatever was undefined.

Missing character: There is no [ in font nullfont!
Missing character: There is no w in font nullfont!
Missing character: There is no i in font nullfont!
Missing character: There is no d in font nullfont!
Missing character: There is no t in font nullfont!
Missing character: There is no h in font nullfont!
Missing character: There is no = in font nullfont!
Missing character: There is no 2 in font nullfont!
Missing character: There is no . in font nullfont!
Missing character: There is no 3 in font nullfont!
Missing character: There is no c in font nullfont!
Missing character: There is no m in font nullfont!
Missing character: There is no , in font nullfont!
Missing character: There is no h in font nullfont!
Missing character: There is no e in font nullfont!
Missing character: There is no i in font nullfont!
Missing character: There is no g in font nullfont!
Missing character: There is no h in font nullfont!
Missing character: There is no t in font nullfont!
Missing character: There is no = in font nullfont!
Missing character: There is no 2 in font nullfont!
Missing character: There is no . in font nullfont!
Missing character: There is no 5 in font nullfont!
Missing character: There is no c in font nullfont!
Missing character: There is no m in font nullfont!
Missing character: There is no , in font nullfont!
Missing character: There is no k in font nullfont!
Missing character: There is no e in font nullfont!
Missing character: There is no e in font nullfont!
Missing character: There is no p in font nullfont!
Missing character: There is no a in font nullfont!
Missing character: There is no s in font nullfont!
Missing character: There is no p in font nullfont!
Missing character: There is no e in font nullfont!
Missing character: There is no c in font nullfont!
Missing character: There is no t in font nullfont!
Missing character: There is no r in font nullfont!
Missing character: There is no a in font nullfont!
Missing character: There is no t in font nullfont!
Missing character: There is no i in font nullfont!
Missing character: There is no o in font nullfont!
Missing character: There is no ] in font nullfont!
Missing character: There is no l in font nullfont!
Missing character: There is no o in font nullfont!
Missing character: There is no g in font nullfont!
Missing character: There is no o in font nullfont!
Missing character: There is no s in font nullfont!
Missing character: There is no / in font nullfont!
Missing character: There is no l in font nullfont!
Missing character: There is no o in font nullfont!
Missing character: There is no g in font nullfont!
Missing character: There is no o in font nullfont!
Missing character: There is no 1 in font nullfont!
Missing character: There is no . in font nullfont!
Missing character: There is no p in font nullfont!
Missing character: There is no n in font nullfont!
Missing character: There is no g in font nullfont!
! Misplaced alignment tab character &.
\empresaheader ...aspectratio]{logos/logo1.png}} &
                                                   \multirow {5}{=}{\include...
l.44     \fancyhead[C]{\empresaheader
                                     } % Membrete centrado
I can't figure out why you would want to use a tab mark
here. If you just want an ampersand, the remedy is
simple: Just type `I\&' now. But if some right brace
up above has ended a previous alignment prematurely,
you're probably due for more error messages, and you
might try typing `S' now just to see what is salvageable.

! Undefined control sequence.
\empresaheader ...]{logos/logo1.png}} & \multirow 
                                                  {5}{=}{\includegraphics [w...
l.44     \fancyhead[C]{\empresaheader
                                     } % Membrete centrado
The control sequence at the end of the top line
of your error message was never \def'ed. If you have
misspelled it (e.g., `\hobx'), type `I' and the correct
spelling (e.g., `I\hbox'). Otherwise just continue,
and I'll forget about whatever was undefined.

Missing character: There is no 5 in font nullfont!
Missing character: There is no = in font nullfont!
! Undefined control sequence.
\empresaheader ...ultirow {5}{=}{\includegraphics 
                                                  [width=2.3cm,height=2.5cm,...
l.44     \fancyhead[C]{\empresaheader
                                     } % Membrete centrado
The control sequence at the end of the top line
of your error message was never \def'ed. If you have
misspelled it (e.g., `\hobx'), type `I' and the correct
spelling (e.g., `I\hbox'). Otherwise just continue,
and I'll forget about whatever was undefined.

Missing character: There is no [ in font nullfont!
Missing character: There is no w in font nullfont!
Missing character: There is no i in font nullfont!
Missing character: There is no d in font nullfont!
Missing character: There is no t in font nullfont!
Missing character: There is no h in font nullfont!
Missing character: There is no = in font nullfont!
Missing character: There is no 2 in font nullfont!
Missing character: There is no . in font nullfont!
Missing character: There is no 3 in font nullfont!
Missing character: There is no c in font nullfont!
Missing character: There is no m in font nullfont!
Missing character: There is no , in font nullfont!
Missing character: There is no h in font nullfont!
Missing character: There is no e in font nullfont!
Missing character: There is no i in font nullfont!
Missing character: There is no g in font nullfont!
Missing character: There is no h in font nullfont!
Missing character: There is no t in font nullfont!
Missing character: There is no = in font nullfont!
Missing character: There is no 2 in font nullfont!
Missing character: There is no . in font nullfont!
Missing character: There is no 5 in font nullfont!
Missing character: There is no c in font nullfont!
Missing character: There is no m in font nullfont!
Missing character: There is no , in font nullfont!
Missing character: There is no k in font nullfont!
Missing character: There is no e in font nullfont!
Missing character: There is no e in font nullfont!
Missing character: There is no p in font nullfont!
Missing character: There is no a in font nullfont!
Missing character: There is no s in font nullfont!
Missing character: There is no p in font nullfont!
Missing character: There is no e in font nullfont!
Missing character: There is no c in font nullfont!
Missing character: There is no t in font nullfont!
Missing character: There is no r in font nullfont!
Missing character: There is no a in font nullfont!
Missing character: There is no t in font nullfont!
Missing character: There is no i in font nullfont!
Missing character: There is no o in font nullfont!
Missing character: There is no ] in font nullfont!
Missing character: There is no l in font nullfont!
Missing character: There is no o in font nullfont!
Missing character: There is no g in font nullfont!
Missing character: There is no o in font nullfont!
Missing character: There is no s in font nullfont!
Missing character: There is no / in font nullfont!
Missing character: There is no l in font nullfont!
Missing character: There is no o in font nullfont!
Missing character: There is no g in font nullfont!
Missing character: There is no o in font nullfont!
Missing character: There is no 2 in font nullfont!
Missing character: There is no . in font nullfont!
Missing character: There is no p in font nullfont!
Missing character: There is no n in font nullfont!
Missing character: There is no g in font nullfont!
! Misplaced alignment tab character &.
\empresaheader ...aspectratio]{logos/logo2.png}} &
                                                   \multirow {2}{\linewidth ...
l.44     \fancyhead[C]{\empresaheader
                                     } % Membrete centrado
I can't figure out why you would want to use a tab mark
here. If you just want an ampersand, the remedy is
simple: Just type `I\&' now. But if some right brace
up above has ended a previous alignment prematurely,
you're probably due for more error messages, and you
might try typing `S' now just to see what is salvageable.

! Undefined control sequence.
\empresaheader ...]{logos/logo2.png}} & \multirow 
                                                  {2}{\linewidth }{\centerin...
l.44     \fancyhead[C]{\empresaheader
                                     } % Membrete centrado
The control sequence at the end of the top line
of your error message was never \def'ed. If you have
misspelled it (e.g., `\hobx'), type `I' and the correct
spelling (e.g., `I\hbox'). Otherwise just continue,
and I'll forget about whatever was undefined.

Missing character: There is no 2 in font nullfont!
! Missing number, treated as zero.
<to be read again> 
                   }
l.44     \fancyhead[C]{\empresaheader
                                     } % Membrete centrado
A number should have been here; I inserted `0'.
(If you can't figure out why I needed to see a number,
look up `weird error' in the index to The TeXbook.)

! Illegal unit of measure (pt inserted).
<to be read again> 
                   }
l.44     \fancyhead[C]{\empresaheader
                                     } % Membrete centrado
Dimensions can be in units of em, ex, in, pt, pc,
cm, mm, dd, cc, nd, nc, bp, or sp; but yours is a new one!
I'll assume that you meant to say pt, for printer's points.
To recover gracefully from this error, it's best to
delete the erroneous units; e.g., type `2' to delete
two letters. (See Chapter 27 of The TeXbook.)

! Undefined control sequence.
\empresaheader ...ewidth }{\centering \scriptsize 
                                                  \headerlinetitulo } & \scr...
l.44     \fancyhead[C]{\empresaheader
                                     } % Membrete centrado
The control sequence at the end of the top line
of your error message was never \def'ed. If you have
misspelled it (e.g., `\hobx'), type `I' and the correct
spelling (e.g., `I\hbox'). Otherwise just continue,
and I'll forget about whatever was undefined.

! Undefined control sequence.
\empresaheader ...g \scriptsize \headerlinetitulo 
                                                  } & \scriptsize \textbf {\...
l.44     \fancyhead[C]{\empresaheader
                                     } % Membrete centrado
The control sequence at the end of the top line
of your error message was never \def'ed. If you have
misspelled it (e.g., `\hobx'), type `I' and the correct
spelling (e.g., `I\hbox'). Otherwise just continue,
and I'll forget about whatever was undefined.

! Misplaced alignment tab character &.
\empresaheader ...scriptsize \headerlinetitulo } &
                                                   \scriptsize \textbf {\hea...
l.44     \fancyhead[C]{\empresaheader
                                     } % Membrete centrado
I can't figure out why you would want to use a tab mark
here. If you just want an ampersand, the remedy is
simple: Just type `I\&' now. But if some right brace
up above has ended a previous alignment prematurely,
you're probably due for more error messages, and you
might try typing `S' now just to see what is salvageable.

! Undefined control sequence.
\empresaheader ...eaderlinetitulo } & \scriptsize 
                                                  \textbf {\headerlabelcode ...
l.44     \fancyhead[C]{\empresaheader
                                     } % Membrete centrado
The control sequence at the end of the top line
of your error message was never \def'ed. If you have
misspelled it (e.g., `\hobx'), type `I' and the correct
spelling (e.g., `I\hbox'). Otherwise just continue,
and I'll forget about whatever was undefined.

! Undefined control sequence.
<recently read> \headerlabelcode 
                                 
l.44     \fancyhead[C]{\empresaheader
                                     } % Membrete centrado
The control sequence at the end of the top line
of your error message was never \def'ed. If you have
misspelled it (e.g., `\hobx'), type `I' and the correct
spelling (e.g., `I\hbox'). Otherwise just continue,
and I'll forget about whatever was undefined.

! Misplaced alignment tab character &.
\empresaheader ...ze \textbf {\headerlabelcode } &
                                                   \scriptsize \documentcode...
l.44     \fancyhead[C]{\empresaheader
                                     } % Membrete centrado
I can't figure out why you would want to use a tab mark
here. If you just want an ampersand, the remedy is
simple: Just type `I\&' now. But if some right brace
up above has ended a previous alignment prematurely,
you're probably due for more error messages, and you
might try typing `S' now just to see what is salvageable.

! Undefined control sequence.
\empresaheader ...headerlabelcode } & \scriptsize 
                                                  \documentcode \\ \cline {4...
l.44     \fancyhead[C]{\empresaheader
                                     } % Membrete centrado
The control sequence at the end of the top line
of your error message was never \def'ed. If you have
misspelled it (e.g., `\hobx'), type `I' and the correct
spelling (e.g., `I\hbox'). Otherwise just continue,
and I'll forget about whatever was undefined.

! Undefined control sequence.
\empresaheader ...e } & \scriptsize \documentcode 
                                                  \\ \cline {4-5} & & & \scr...
l.44     \fancyhead[C]{\empresaheader
                                     } % Membrete centrado
The control sequence at the end of the top line
of your error message was never \def'ed. If you have
misspelled it (e.g., `\hobx'), type `I' and the correct
spelling (e.g., `I\hbox'). Otherwise just continue,
and I'll forget about whatever was undefined.

! Misplaced \omit.
\@cline #1-#2\@nil ->\omit 
                           \@multicnt #1\advance \@multispan \m@ne \ifnum \@...
l.44     \fancyhead[C]{\empresaheader
                                     } % Membrete centrado
I expect to see \omit only after tab marks or the \cr of
an alignment. Proceed, and I'll ignore this case.

! Misplaced \span.
\sp@n ->\span 
              \omit \advance \@multicnt \m@ne 
l.44     \fancyhead[C]{\empresaheader
                                     } % Membrete centrado
I can't figure out why you would want to use a tab mark
or \cr or \span just now. If something like a right brace
up above has ended a previous alignment prematurely,
you're probably due for more error messages, and you
might try typing `S' now just to see what is salvageable.

! Misplaced \omit.
\sp@n ->\span \omit 
                    \advance \@multicnt \m@ne 
l.44     \fancyhead[C]{\empresaheader
                                     } % Membrete centrado
I expect to see \omit only after tab marks or the \cr of
an alignment. Proceed, and I'll ignore this case.

! Misplaced \span.
\sp@n ->\span 
              \omit \advance \@multicnt \m@ne 
l.44     \fancyhead[C]{\empresaheader
                                     } % Membrete centrado
I can't figure out why you would want to use a tab mark
or \cr or \span just now. If something like a right brace
up above has ended a previous alignment prematurely,
you're probably due for more error messages, and you
might try typing `S' now just to see what is salvageable.

! Misplaced \omit.
\sp@n ->\span \omit 
                    \advance \@multicnt \m@ne 
l.44     \fancyhead[C]{\empresaheader
                                     } % Membrete centrado
I expect to see \omit only after tab marks or the \cr of
an alignment. Proceed, and I'll ignore this case.

! Misplaced alignment tab character &.
<argument> &
            \omit 
l.44     \fancyhead[C]{\empresaheader
                                     } % Membrete centrado
I can't figure out why you would want to use a tab mark
here. If you just want an ampersand, the remedy is
simple: Just type `I\&' now. But if some right brace
up above has ended a previous alignment prematurely,
you're probably due for more error messages, and you
might try typing `S' now just to see what is salvageable.

! Misplaced \omit.
<argument> &\omit 
                  
l.44     \fancyhead[C]{\empresaheader
                                     } % Membrete centrado
I expect to see \omit only after tab marks or the \cr of
an alignment. Proceed, and I'll ignore this case.

! Misplaced \span.
\sp@n ->\span 
              \omit \advance \@multicnt \m@ne 
l.44     \fancyhead[C]{\empresaheader
                                     } % Membrete centrado
I can't figure out why you would want to use a tab mark
or \cr or \span just now. If something like a right brace
up above has ended a previous alignment prematurely,
you're probably due for more error messages, and you
might try typing `S' now just to see what is salvageable.

! Misplaced \omit.
\sp@n ->\span \omit 
                    \advance \@multicnt \m@ne 
l.44     \fancyhead[C]{\empresaheader
                                     } % Membrete centrado
I expect to see \omit only after tab marks or the \cr of
an alignment. Proceed, and I'll ignore this case.

! Misplaced \cr.
\@cline ...le \@height \arrayrulewidth \hfill \cr 
                                                  \noalign {\vskip -\arrayru...
l.44     \fancyhead[C]{\empresaheader
                                     } % Membrete centrado
I can't figure out why you would want to use a tab mark
or \cr or \span just now. If something like a right brace
up above has ended a previous alignment prematurely,
you're probably due for more error messages, and you
might try typing `S' now just to see what is salvageable.

! Misplaced \noalign.
\@cline ...ht \arrayrulewidth \hfill \cr \noalign 
                                                  {\vskip -\arrayrulewidth }
l.44     \fancyhead[C]{\empresaheader
                                     } % Membrete centrado
I expect to see \noalign only after the \cr of
an alignment. Proceed, and I'll ignore this case.


Overfull \hbox (20.0pt too wide) in paragraph at lines 44--44
[]
 []

! Misplaced alignment tab character &.
\empresaheader ... \documentcode \\ \cline {4-5} &
                                                   & & \scriptsize \textbf {...
l.44     \fancyhead[C]{\empresaheader
                                     } % Membrete centrado
I can't figure out why you would want to use a tab mark
here. If you just want an ampersand, the remedy is
simple: Just type `I\&' now. But if some right brace
up above has ended a previous alignment prematurely,
you're probably due for more error messages, and you
might try typing `S' now just to see what is salvageable.

! Misplaced alignment tab character &.
\empresaheader ...documentcode \\ \cline {4-5} & &
                                                   & \scriptsize \textbf {\h...
l.44     \fancyhead[C]{\empresaheader
                                     } % Membrete centrado
I can't figure out why you would want to use a tab mark
here. If you just want an ampersand, the remedy is
simple: Just type `I\&' now. But if some right brace
up above has ended a previous alignment prematurely,
you're probably due for more error messages, and you
might try typing `S' now just to see what is salvageable.

! Misplaced alignment tab character &.
\empresaheader ...cumentcode \\ \cline {4-5} & & &
                                                   \scriptsize \textbf {\hea...
l.44     \fancyhead[C]{\empresaheader
                                     } % Membrete centrado
I can't figure out why you would want to use a tab mark
here. If you just want an ampersand, the remedy is
simple: Just type `I\&' now. But if some right brace
up above has ended a previous alignment prematurely,
you're probably due for more error messages, and you
might try typing `S' now just to see what is salvageable.

! Undefined control sequence.
\empresaheader ... \cline {4-5} & & & \scriptsize 
                                                  \textbf {\headerlabelrevis...
l.44     \fancyhead[C]{\empresaheader
                                     } % Membrete centrado
The control sequence at the end of the top line
of your error message was never \def'ed. If you have
misspelled it (e.g., `\hobx'), type `I' and the correct
spelling (e.g., `I\hbox'). Otherwise just continue,
and I'll forget about whatever was undefined.


! LaTeX Error: Missing \begin{document}.

See the LaTeX manual or LaTeX Companion for explanation.
Type  H <return>  for immediate help.
 ...                                              
                                                  
l.44     \fancyhead[C]{\empresaheader
                                     } % Membrete centrado
You're in trouble here.  Try typing  <return>  to proceed.
If that doesn't work, type  X <return>  to quit.

! Undefined control sequence.
<recently read> \headerlabelrevision 
                                     
l.44     \fancyhead[C]{\empresaheader
                                     } % Membrete centrado
The control sequence at the end of the top line
of your error message was never \def'ed. If you have
misspelled it (e.g., `\hobx'), type `I' and the correct
spelling (e.g., `I\hbox'). Otherwise just continue,
and I'll forget about whatever was undefined.

! Misplaced alignment tab character &.
\empresaheader ...textbf {\headerlabelrevision } &
                                                   \scriptsize \documentrevi...
l.44     \fancyhead[C]{\empresaheader
                                     } % Membrete centrado
I can't figure out why you would want to use a tab mark
here. If you just want an ampersand, the remedy is
simple: Just type `I\&' now. But if some right brace
up above has ended a previous alignment prematurely,
you're probably due for more error messages, and you
might try typing `S' now just to see what is salvageable.

! Undefined control sequence.
\empresaheader ...erlabelrevision } & \scriptsize 
                                                  \documentrevision \\ \clin...
l.44     \fancyhead[C]{\empresaheader
                                     } % Membrete centrado
The control sequence at the end of the top line
of your error message was never \def'ed. If you have
misspelled it (e.g., `\hobx'), type `I' and the correct
spelling (e.g., `I\hbox'). Otherwise just continue,
and I'll forget about whatever was undefined.

! Undefined control sequence.
\empresaheader ...& \scriptsize \documentrevision 
                                                  \\ \cline {3-5} & & \multi...
l.44     \fancyhead[C]{\empresaheader
                                     } % Membrete centrado
The control sequence at the end of the top line
of your error message was never \def'ed. If you have
misspelled it (e.g., `\hobx'), type `I' and the correct
spelling (e.g., `I\hbox'). Otherwise just continue,
and I'll forget about whatever was undefined.

! Misplaced \omit.
\@cline #1-#2\@nil ->\omit 
                           \@multicnt #1\advance \@multispan \m@ne \ifnum \@...
l.44     \fancyhead[C]{\empresaheader
                                     } % Membrete centrado
I expect to see \omit only after tab marks or the \cr of
an alignment. Proceed, and I'll ignore this case.

! Misplaced \span.
\sp@n ->\span 
              \omit \advance \@multicnt \m@ne 
l.44     \fancyhead[C]{\empresaheader
                                     } % Membrete centrado
I can't figure out why you would want to use a tab mark
or \cr or \span just now. If something like a right brace
up above has ended a previous alignment prematurely,
you're probably due for more error messages, and you
might try typing `S' now just to see what is salvageable.

! Misplaced \omit.
\sp@n ->\span \omit 
                    \advance \@multicnt \m@ne 
l.44     \fancyhead[C]{\empresaheader
                                     } % Membrete centrado
I expect to see \omit only after tab marks or the \cr of
an alignment. Proceed, and I'll ignore this case.

! Misplaced alignment tab character &.
<argument> &
            \omit 
l.44     \fancyhead[C]{\empresaheader
                                     } % Membrete centrado
I can't figure out why you would want to use a tab mark
here. If you just want an ampersand, the remedy is
simple: Just type `I\&' now. But if some right brace
up above has ended a previous alignment prematurely,
you're probably due for more error messages, and you
might try typing `S' now just to see what is salvageable.

! Misplaced \omit.
<argument> &\omit 
                  
l.44     \fancyhead[C]{\empresaheader
                                     } % Membrete centrado
I expect to see \omit only after tab marks or the \cr of
an alignment. Proceed, and I'll ignore this case.

! Misplaced \span.
\sp@n ->\span 
              \omit \advance \@multicnt \m@ne 
l.44     \fancyhead[C]{\empresaheader
                                     } % Membrete centrado
I can't figure out why you would want to use a tab mark
or \cr or \span just now. If something like a right brace
up above has ended a previous alignment prematurely,
you're probably due for more error messages, and you
might try typing `S' now just to see what is salvageable.

! Misplaced \omit.
\sp@n ->\span \omit 
                    \advance \@multicnt \m@ne 
l.44     \fancyhead[C]{\empresaheader
                                     } % Membrete centrado
I expect to see \omit only after tab marks or the \cr of
an alignment. Proceed, and I'll ignore this case.

! Misplaced \span.
\sp@n ->\span 
              \omit \advance \@multicnt \m@ne 
l.44     \fancyhead[C]{\empresaheader
                                     } % Membrete centrado
I can't figure out why you would want to use a tab mark
or \cr or \span just now. If something like a right brace
up above has ended a previous alignment prematurely,
you're probably due for more error messages, and you
might try typing `S' now just to see what is salvageable.

! Misplaced \omit.
\sp@n ->\span \omit 
                    \advance \@multicnt \m@ne 
l.44     \fancyhead[C]{\empresaheader
                                     } % Membrete centrado
I expect to see \omit only after tab marks or the \cr of
an alignment. Proceed, and I'll ignore this case.

! Misplaced \cr.
\@cline ...le \@height \arrayrulewidth \hfill \cr 
                                                  \noalign {\vskip -\arrayru...
l.44     \fancyhead[C]{\empresaheader
                                     } % Membrete centrado
I can't figure out why you would want to use a tab mark
or \cr or \span just now. If something like a right brace
up above has ended a previous alignment prematurely,
you're probably due for more error messages, and you
might try typing `S' now just to see what is salvageable.

! Misplaced \noalign.
\@cline ...ht \arrayrulewidth \hfill \cr \noalign 
                                                  {\vskip -\arrayrulewidth }
l.44     \fancyhead[C]{\empresaheader
                                     } % Membrete centrado
I expect to see \noalign only after the \cr of
an alignment. Proceed, and I'll ignore this case.


Overfull \hbox (20.0pt too wide) in paragraph at lines 44--44
[]
 []

! Misplaced alignment tab character &.
\empresaheader ...cumentrevision \\ \cline {3-5} &
                                                   & \multirow {2}{\linewidt...
l.44     \fancyhead[C]{\empresaheader
                                     } % Membrete centrado
I can't figure out why you would want to use a tab mark
here. If you just want an ampersand, the remedy is
simple: Just type `I\&' now. But if some right brace
up above has ended a previous alignment prematurely,
you're probably due for more error messages, and you
might try typing `S' now just to see what is salvageable.

! Misplaced alignment tab character &.
\empresaheader ...mentrevision \\ \cline {3-5} & &
                                                   \multirow {2}{\linewidth ...
l.44     \fancyhead[C]{\empresaheader
                                     } % Membrete centrado
I can't figure out why you would want to use a tab mark
here. If you just want an ampersand, the remedy is
simple: Just type `I\&' now. But if some right brace
up above has ended a previous alignment prematurely,
you're probably due for more error messages, and you
might try typing `S' now just to see what is salvageable.

! Undefined control sequence.
\empresaheader ...n \\ \cline {3-5} & & \multirow 
                                                  {2}{\linewidth }{\centerin...
l.44     \fancyhead[C]{\empresaheader
                                     } % Membrete centrado
The control sequence at the end of the top line
of your error message was never \def'ed. If you have
misspelled it (e.g., `\hobx'), type `I' and the correct
spelling (e.g., `I\hbox'). Otherwise just continue,
and I'll forget about whatever was undefined.


! LaTeX Error: Missing \begin{document}.

See the LaTeX manual or LaTeX Companion for explanation.
Type  H <return>  for immediate help.
 ...                                              
                                                  
l.44     \fancyhead[C]{\empresaheader
                                     } % Membrete centrado
You're in trouble here.  Try typing  <return>  to proceed.
If that doesn't work, type  X <return>  to quit.

Missing character: There is no 2 in font nullfont!
! Missing number, treated as zero.
<to be read again> 
                   }
l.44     \fancyhead[C]{\empresaheader
                                     } % Membrete centrado
A number should have been here; I inserted `0'.
(If you can't figure out why I needed to see a number,
look up `weird error' in the index to The TeXbook.)

! Illegal unit of measure (pt inserted).
<to be read again> 
                   }
l.44     \fancyhead[C]{\empresaheader
                                     } % Membrete centrado
Dimensions can be in units of em, ex, in, pt, pc,
cm, mm, dd, cc, nd, nc, bp, or sp; but yours is a new one!
I'll assume that you meant to say pt, for printer's points.
To recover gracefully from this error, it's best to
delete the erroneous units; e.g., type `2' to delete
two letters. (See Chapter 27 of The TeXbook.)

! Undefined control sequence.
\empresaheader ...ewidth }{\centering \scriptsize 
                                                  \headerlinesubuno } & \scr...
l.44     \fancyhead[C]{\empresaheader
                                     } % Membrete centrado
The control sequence at the end of the top line
of your error message was never \def'ed. If you have
misspelled it (e.g., `\hobx'), type `I' and the correct
spelling (e.g., `I\hbox'). Otherwise just continue,
and I'll forget about whatever was undefined.

! Undefined control sequence.
\empresaheader ...g \scriptsize \headerlinesubuno 
                                                  } & \scriptsize \textbf {\...
l.44     \fancyhead[C]{\empresaheader
                                     } % Membrete centrado
The control sequence at the end of the top line
of your error message was never \def'ed. If you have
misspelled it (e.g., `\hobx'), type `I' and the correct
spelling (e.g., `I\hbox'). Otherwise just continue,
and I'll forget about whatever was undefined.

! Misplaced alignment tab character &.
\empresaheader ...scriptsize \headerlinesubuno } &
                                                   \scriptsize \textbf {\hea...
l.44     \fancyhead[C]{\empresaheader
                                     } % Membrete centrado
I can't figure out why you would want to use a tab mark
here. If you just want an ampersand, the remedy is
simple: Just type `I\&' now. But if some right brace
up above has ended a previous alignment prematurely,
you're probably due for more error messages, and you
might try typing `S' now just to see what is salvageable.

! Undefined control sequence.
\empresaheader ...eaderlinesubuno } & \scriptsize 
                                                  \textbf {\headerlabeldate ...
l.44     \fancyhead[C]{\empresaheader
                                     } % Membrete centrado
The control sequence at the end of the top line
of your error message was never \def'ed. If you have
misspelled it (e.g., `\hobx'), type `I' and the correct
spelling (e.g., `I\hbox'). Otherwise just continue,
and I'll forget about whatever was undefined.

! Undefined control sequence.
<recently read> \headerlabeldate 
                                 
l.44     \fancyhead[C]{\empresaheader
                                     } % Membrete centrado
The control sequence at the end of the top line
of your error message was never \def'ed. If you have
misspelled it (e.g., `\hobx'), type `I' and the correct
spelling (e.g., `I\hbox'). Otherwise just continue,
and I'll forget about whatever was undefined.

! Misplaced alignment tab character &.
\empresaheader ...ze \textbf {\headerlabeldate } &
                                                   \scriptsize \documentdate...
l.44     \fancyhead[C]{\empresaheader
                                     } % Membrete centrado
I can't figure out why you would want to use a tab mark
here. If you just want an ampersand, the remedy is
simple: Just type `I\&' now. But if some right brace
up above has ended a previous alignment prematurely,
you're probably due for more error messages, and you
might try typing `S' now just to see what is salvageable.

! Undefined control sequence.
\empresaheader ...headerlabeldate } & \scriptsize 
                                                  \documentdate \\ \cline {4...
l.44     \fancyhead[C]{\empresaheader
                                     } % Membrete centrado
The control sequence at the end of the top line
of your error message was never \def'ed. If you have
misspelled it (e.g., `\hobx'), type `I' and the correct
spelling (e.g., `I\hbox'). Otherwise just continue,
and I'll forget about whatever was undefined.

! Undefined control sequence.
\empresaheader ...e } & \scriptsize \documentdate 
                                                  \\ \cline {4-5} & & & \scr...
l.44     \fancyhead[C]{\empresaheader
                                     } % Membrete centrado
The control sequence at the end of the top line
of your error message was never \def'ed. If you have
misspelled it (e.g., `\hobx'), type `I' and the correct
spelling (e.g., `I\hbox'). Otherwise just continue,
and I'll forget about whatever was undefined.

! Misplaced \omit.
\@cline #1-#2\@nil ->\omit 
                           \@multicnt #1\advance \@multispan \m@ne \ifnum \@...
l.44     \fancyhead[C]{\empresaheader
                                     } % Membrete centrado
I expect to see \omit only after tab marks or the \cr of
an alignment. Proceed, and I'll ignore this case.

! Misplaced \span.
\sp@n ->\span 
              \omit \advance \@multicnt \m@ne 
l.44     \fancyhead[C]{\empresaheader
                                     } % Membrete centrado
I can't figure out why you would want to use a tab mark
or \cr or \span just now. If something like a right brace
up above has ended a previous alignment prematurely,
you're probably due for more error messages, and you
might try typing `S' now just to see what is salvageable.

! Misplaced \omit.
\sp@n ->\span \omit 
                    \advance \@multicnt \m@ne 
l.44     \fancyhead[C]{\empresaheader
                                     } % Membrete centrado
I expect to see \omit only after tab marks or the \cr of
an alignment. Proceed, and I'll ignore this case.

! Misplaced \span.
\sp@n ->\span 
              \omit \advance \@multicnt \m@ne 
l.44     \fancyhead[C]{\empresaheader
                                     } % Membrete centrado
I can't figure out why you would want to use a tab mark
or \cr or \span just now. If something like a right brace
up above has ended a previous alignment prematurely,
you're probably due for more error messages, and you
might try typing `S' now just to see what is salvageable.

! Misplaced \omit.
\sp@n ->\span \omit 
                    \advance \@multicnt \m@ne 
l.44     \fancyhead[C]{\empresaheader
                                     } % Membrete centrado
I expect to see \omit only after tab marks or the \cr of
an alignment. Proceed, and I'll ignore this case.

! Misplaced alignment tab character &.
<argument> &
            \omit 
l.44     \fancyhead[C]{\empresaheader
                                     } % Membrete centrado
I can't figure out why you would want to use a tab mark
here. If you just want an ampersand, the remedy is
simple: Just type `I\&' now. But if some right brace
up above has ended a previous alignment prematurely,
you're probably due for more error messages, and you
might try typing `S' now just to see what is salvageable.

! Misplaced \omit.
<argument> &\omit 
                  
l.44     \fancyhead[C]{\empresaheader
                                     } % Membrete centrado
I expect to see \omit only after tab marks or the \cr of
an alignment. Proceed, and I'll ignore this case.

! Misplaced \span.
\sp@n ->\span 
              \omit \advance \@multicnt \m@ne 
l.44     \fancyhead[C]{\empresaheader
                                     } % Membrete centrado
I can't figure out why you would want to use a tab mark
or \cr or \span just now. If something like a right brace
up above has ended a previous alignment prematurely,
you're probably due for more error messages, and you
might try typing `S' now just to see what is salvageable.

! Misplaced \omit.
\sp@n ->\span \omit 
                    \advance \@multicnt \m@ne 
l.44     \fancyhead[C]{\empresaheader
                                     } % Membrete centrado
I expect to see \omit only after tab marks or the \cr of
an alignment. Proceed, and I'll ignore this case.

! Misplaced \cr.
\@cline ...le \@height \arrayrulewidth \hfill \cr 
                                                  \noalign {\vskip -\arrayru...
l.44     \fancyhead[C]{\empresaheader
                                     } % Membrete centrado
I can't figure out why you would want to use a tab mark
or \cr or \span just now. If something like a right brace
up above has ended a previous alignment prematurely,
you're probably due for more error messages, and you
might try typing `S' now just to see what is salvageable.

! Misplaced \noalign.
\@cline ...ht \arrayrulewidth \hfill \cr \noalign 
                                                  {\vskip -\arrayrulewidth }
l.44     \fancyhead[C]{\empresaheader
                                     } % Membrete centrado
I expect to see \noalign only after the \cr of
an alignment. Proceed, and I'll ignore this case.


Overfull \hbox (20.0pt too wide) in paragraph at lines 44--44
[]
 []

! Misplaced alignment tab character &.
\empresaheader ... \documentdate \\ \cline {4-5} &
                                                   & & \scriptsize \textbf {...
l.44     \fancyhead[C]{\empresaheader
                                     } % Membrete centrado
I can't figure out why you would want to use a tab mark
here. If you just want an ampersand, the remedy is
simple: Just type `I\&' now. But if some right brace
up above has ended a previous alignment prematurely,
you're probably due for more error messages, and you
might try typing `S' now just to see what is salvageable.

! Misplaced alignment tab character &.
\empresaheader ...documentdate \\ \cline {4-5} & &
                                                   & \scriptsize \textbf {\h...
l.44     \fancyhead[C]{\empresaheader
                                     } % Membrete centrado
I can't figure out why you would want to use a tab mark
here. If you just want an ampersand, the remedy is
simple: Just type `I\&' now. But if some right brace
up above has ended a previous alignment prematurely,
you're probably due for more error messages, and you
might try typing `S' now just to see what is salvageable.

! Misplaced alignment tab character &.
\empresaheader ...cumentdate \\ \cline {4-5} & & &
                                                   \scriptsize \textbf {\hea...
l.44     \fancyhead[C]{\empresaheader
                                     } % Membrete centrado
I can't figure out why you would want to use a tab mark
here. If you just want an ampersand, the remedy is
simple: Just type `I\&' now. But if some right brace
up above has ended a previous alignment prematurely,
you're probably due for more error messages, and you
might try typing `S' now just to see what is salvageable.

! Undefined control sequence.
\empresaheader ... \cline {4-5} & & & \scriptsize 
                                                  \textbf {\headerlabelelabo...
l.44     \fancyhead[C]{\empresaheader
                                     } % Membrete centrado
The control sequence at the end of the top line
of your error message was never \def'ed. If you have
misspelled it (e.g., `\hobx'), type `I' and the correct
spelling (e.g., `I\hbox'). Otherwise just continue,
and I'll forget about whatever was undefined.


! LaTeX Error: Missing \begin{document}.

See the LaTeX manual or LaTeX Companion for explanation.
Type  H <return>  for immediate help.
 ...                                              
                                                  
l.44     \fancyhead[C]{\empresaheader
                                     } % Membrete centrado
You're in trouble here.  Try typing  <return>  to proceed.
If that doesn't work, type  X <return>  to quit.

! Undefined control sequence.
<recently read> \headerlabelelaboro 
                                    
l.44     \fancyhead[C]{\empresaheader
                                     } % Membrete centrado
The control sequence at the end of the top line
of your error message was never \def'ed. If you have
misspelled it (e.g., `\hobx'), type `I' and the correct
spelling (e.g., `I\hbox'). Otherwise just continue,
and I'll forget about whatever was undefined.

! Misplaced alignment tab character &.
\empresaheader ...\textbf {\headerlabelelaboro } &
                                                   \scriptsize \elaboratedby...
l.44     \fancyhead[C]{\empresaheader
                                     } % Membrete centrado
I can't figure out why you would want to use a tab mark
here. If you just want an ampersand, the remedy is
simple: Just type `I\&' now. But if some right brace
up above has ended a previous alignment prematurely,
you're probably due for more error messages, and you
might try typing `S' now just to see what is salvageable.

! Undefined control sequence.
\empresaheader ...derlabelelaboro } & \scriptsize 
                                                  \elaboratedby \\ \cline {3...
l.44     \fancyhead[C]{\empresaheader
                                     } % Membrete centrado
The control sequence at the end of the top line
of your error message was never \def'ed. If you have
misspelled it (e.g., `\hobx'), type `I' and the correct
spelling (e.g., `I\hbox'). Otherwise just continue,
and I'll forget about whatever was undefined.

! Undefined control sequence.
\empresaheader ...o } & \scriptsize \elaboratedby 
                                                  \\ \cline {3-5} & & \multi...
l.44     \fancyhead[C]{\empresaheader
                                     } % Membrete centrado
The control sequence at the end of the top line
of your error message was never \def'ed. If you have
misspelled it (e.g., `\hobx'), type `I' and the correct
spelling (e.g., `I\hbox'). Otherwise just continue,
and I'll forget about whatever was undefined.

! Misplaced \omit.
\@cline #1-#2\@nil ->\omit 
                           \@multicnt #1\advance \@multispan \m@ne \ifnum \@...
l.44     \fancyhead[C]{\empresaheader
                                     } % Membrete centrado
I expect to see \omit only after tab marks or the \cr of
an alignment. Proceed, and I'll ignore this case.

! Misplaced \span.
\sp@n ->\span 
              \omit \advance \@multicnt \m@ne 
l.44     \fancyhead[C]{\empresaheader
                                     } % Membrete centrado
I can't figure out why you would want to use a tab mark
or \cr or \span just now. If something like a right brace
up above has ended a previous alignment prematurely,
you're probably due for more error messages, and you
might try typing `S' now just to see what is salvageable.

! Misplaced \omit.
\sp@n ->\span \omit 
                    \advance \@multicnt \m@ne 
l.44     \fancyhead[C]{\empresaheader
                                     } % Membrete centrado
I expect to see \omit only after tab marks or the \cr of
an alignment. Proceed, and I'll ignore this case.

! Misplaced alignment tab character &.
<argument> &
            \omit 
l.44     \fancyhead[C]{\empresaheader
                                     } % Membrete centrado
I can't figure out why you would want to use a tab mark
here. If you just want an ampersand, the remedy is
simple: Just type `I\&' now. But if some right brace
up above has ended a previous alignment prematurely,
you're probably due for more error messages, and you
might try typing `S' now just to see what is salvageable.

! Misplaced \omit.
<argument> &\omit 
                  
l.44     \fancyhead[C]{\empresaheader
                                     } % Membrete centrado
I expect to see \omit only after tab marks or the \cr of
an alignment. Proceed, and I'll ignore this case.

! Misplaced \span.
\sp@n ->\span 
              \omit \advance \@multicnt \m@ne 
l.44     \fancyhead[C]{\empresaheader
                                     } % Membrete centrado
I can't figure out why you would want to use a tab mark
or \cr or \span just now. If something like a right brace
up above has ended a previous alignment prematurely,
you're probably due for more error messages, and you
might try typing `S' now just to see what is salvageable.

! Misplaced \omit.
\sp@n ->\span \omit 
                    \advance \@multicnt \m@ne 
l.44     \fancyhead[C]{\empresaheader
                                     } % Membrete centrado
I expect to see \omit only after tab marks or the \cr of
an alignment. Proceed, and I'll ignore this case.

! Misplaced \span.
\sp@n ->\span 
              \omit \advance \@multicnt \m@ne 
l.44     \fancyhead[C]{\empresaheader
                                     } % Membrete centrado
I can't figure out why you would want to use a tab mark
or \cr or \span just now. If something like a right brace
up above has ended a previous alignment prematurely,
you're probably due for more error messages, and you
might try typing `S' now just to see what is salvageable.

! Misplaced \omit.
\sp@n ->\span \omit 
                    \advance \@multicnt \m@ne 
l.44     \fancyhead[C]{\empresaheader
                                     } % Membrete centrado
I expect to see \omit only after tab marks or the \cr of
an alignment. Proceed, and I'll ignore this case.

! Misplaced \cr.
\@cline ...le \@height \arrayrulewidth \hfill \cr 
                                                  \noalign {\vskip -\arrayru...
l.44     \fancyhead[C]{\empresaheader
                                     } % Membrete centrado
I can't figure out why you would want to use a tab mark
or \cr or \span just now. If something like a right brace
up above has ended a previous alignment prematurely,
you're probably due for more error messages, and you
might try typing `S' now just to see what is salvageable.

! Misplaced \noalign.
\@cline ...ht \arrayrulewidth \hfill \cr \noalign 
                                                  {\vskip -\arrayrulewidth }
l.44     \fancyhead[C]{\empresaheader
                                     } % Membrete centrado
I expect to see \noalign only after the \cr of
an alignment. Proceed, and I'll ignore this case.


Overfull \hbox (20.0pt too wide) in paragraph at lines 44--44
[]
 []

! Misplaced alignment tab character &.
\empresaheader ... \elaboratedby \\ \cline {3-5} &
                                                   & \multirow {2}{\linewidt...
l.44     \fancyhead[C]{\empresaheader
                                     } % Membrete centrado
I can't figure out why you would want to use a tab mark
here. If you just want an ampersand, the remedy is
simple: Just type `I\&' now. But if some right brace
up above has ended a previous alignment prematurely,
you're probably due for more error messages, and you
might try typing `S' now just to see what is salvageable.

! Misplaced alignment tab character &.
\empresaheader ...elaboratedby \\ \cline {3-5} & &
                                                   \multirow {2}{\linewidth ...
l.44     \fancyhead[C]{\empresaheader
                                     } % Membrete centrado
I can't figure out why you would want to use a tab mark
here. If you just want an ampersand, the remedy is
simple: Just type `I\&' now. But if some right brace
up above has ended a previous alignment prematurely,
you're probably due for more error messages, and you
might try typing `S' now just to see what is salvageable.

! Undefined control sequence.
\empresaheader ...y \\ \cline {3-5} & & \multirow 
                                                  {2}{\linewidth }{\centerin...
l.44     \fancyhead[C]{\empresaheader
                                     } % Membrete centrado
The control sequence at the end of the top line
of your error message was never \def'ed. If you have
misspelled it (e.g., `\hobx'), type `I' and the correct
spelling (e.g., `I\hbox'). Otherwise just continue,
and I'll forget about whatever was undefined.


! LaTeX Error: Missing \begin{document}.

See the LaTeX manual or LaTeX Companion for explanation.
Type  H <return>  for immediate help.
 ...                                              
                                                  
l.44     \fancyhead[C]{\empresaheader
                                     } % Membrete centrado
You're in trouble here.  Try typing  <return>  to proceed.
If that doesn't work, type  X <return>  to quit.

Missing character: There is no 2 in font nullfont!
! Missing number, treated as zero.
<to be read again> 
                   }
l.44     \fancyhead[C]{\empresaheader
                                     } % Membrete centrado
A number should have been here; I inserted `0'.
(If you can't figure out why I needed to see a number,
look up `weird error' in the index to The TeXbook.)

! Illegal unit of measure (pt inserted).
<to be read again> 
                   }
l.44     \fancyhead[C]{\empresaheader
                                     } % Membrete centrado
Dimensions can be in units of em, ex, in, pt, pc,
cm, mm, dd, cc, nd, nc, bp, or sp; but yours is a new one!
I'll assume that you meant to say pt, for printer's points.
To recover gracefully from this error, it's best to
delete the erroneous units; e.g., type `2' to delete
two letters. (See Chapter 27 of The TeXbook.)

! Undefined control sequence.
\empresaheader ...ewidth }{\centering \scriptsize 
                                                  \headerlinesubdos } & \scr...
l.44     \fancyhead[C]{\empresaheader
                                     } % Membrete centrado
The control sequence at the end of the top line
of your error message was never \def'ed. If you have
misspelled it (e.g., `\hobx'), type `I' and the correct
spelling (e.g., `I\hbox'). Otherwise just continue,
and I'll forget about whatever was undefined.

! Undefined control sequence.
\empresaheader ...g \scriptsize \headerlinesubdos 
                                                  } & \scriptsize \textbf {\...
l.44     \fancyhead[C]{\empresaheader
                                     } % Membrete centrado
The control sequence at the end of the top line
of your error message was never \def'ed. If you have
misspelled it (e.g., `\hobx'), type `I' and the correct
spelling (e.g., `I\hbox'). Otherwise just continue,
and I'll forget about whatever was undefined.

! Misplaced alignment tab character &.
\empresaheader ...scriptsize \headerlinesubdos } &
                                                   \scriptsize \textbf {\hea...
l.44     \fancyhead[C]{\empresaheader
                                     } % Membrete centrado
I can't figure out why you would want to use a tab mark
here. If you just want an ampersand, the remedy is
simple: Just type `I\&' now. But if some right brace
up above has ended a previous alignment prematurely,
you're probably due for more error messages, and you
might try typing `S' now just to see what is salvageable.

! Undefined control sequence.
\empresaheader ...eaderlinesubdos } & \scriptsize 
                                                  \textbf {\headerlabelrevis...
l.44     \fancyhead[C]{\empresaheader
                                     } % Membrete centrado
The control sequence at the end of the top line
of your error message was never \def'ed. If you have
misspelled it (e.g., `\hobx'), type `I' and the correct
spelling (e.g., `I\hbox'). Otherwise just continue,
and I'll forget about whatever was undefined.

! Undefined control sequence.
<recently read> \headerlabelreviso 
                                   
l.44     \fancyhead[C]{\empresaheader
                                     } % Membrete centrado
The control sequence at the end of the top line
of your error message was never \def'ed. If you have
misspelled it (e.g., `\hobx'), type `I' and the correct
spelling (e.g., `I\hbox'). Otherwise just continue,
and I'll forget about whatever was undefined.

! Misplaced alignment tab character &.
\empresaheader ... \textbf {\headerlabelreviso } &
                                                   \scriptsize \reviewedby \...
l.44     \fancyhead[C]{\empresaheader
                                     } % Membrete centrado
I can't figure out why you would want to use a tab mark
here. If you just want an ampersand, the remedy is
simple: Just type `I\&' now. But if some right brace
up above has ended a previous alignment prematurely,
you're probably due for more error messages, and you
might try typing `S' now just to see what is salvageable.

! Undefined control sequence.
\empresaheader ...aderlabelreviso } & \scriptsize 
                                                  \reviewedby \\ \cline {1-2...
l.44     \fancyhead[C]{\empresaheader
                                     } % Membrete centrado
The control sequence at the end of the top line
of your error message was never \def'ed. If you have
misspelled it (e.g., `\hobx'), type `I' and the correct
spelling (e.g., `I\hbox'). Otherwise just continue,
and I'll forget about whatever was undefined.

! Undefined control sequence.
\empresaheader ...iso } & \scriptsize \reviewedby 
                                                  \\ \cline {1-2} \cline {4-...
l.44     \fancyhead[C]{\empresaheader
                                     } % Membrete centrado
The control sequence at the end of the top line
of your error message was never \def'ed. If you have
misspelled it (e.g., `\hobx'), type `I' and the correct
spelling (e.g., `I\hbox'). Otherwise just continue,
and I'll forget about whatever was undefined.

! Misplaced \omit.
\@cline #1-#2\@nil ->\omit 
                           \@multicnt #1\advance \@multispan \m@ne \ifnum \@...
l.44     \fancyhead[C]{\empresaheader
                                     } % Membrete centrado
I expect to see \omit only after tab marks or the \cr of
an alignment. Proceed, and I'll ignore this case.

! Misplaced \span.
\sp@n ->\span 
              \omit \advance \@multicnt \m@ne 
l.44     \fancyhead[C]{\empresaheader
                                     } % Membrete centrado
I can't figure out why you would want to use a tab mark
or \cr or \span just now. If something like a right brace
up above has ended a previous alignment prematurely,
you're probably due for more error messages, and you
might try typing `S' now just to see what is salvageable.

! Misplaced \omit.
\sp@n ->\span \omit 
                    \advance \@multicnt \m@ne 
l.44     \fancyhead[C]{\empresaheader
                                     } % Membrete centrado
I expect to see \omit only after tab marks or the \cr of
an alignment. Proceed, and I'll ignore this case.

! Misplaced \cr.
\@cline ...le \@height \arrayrulewidth \hfill \cr 
                                                  \noalign {\vskip -\arrayru...
l.44     \fancyhead[C]{\empresaheader
                                     } % Membrete centrado
I can't figure out why you would want to use a tab mark
or \cr or \span just now. If something like a right brace
up above has ended a previous alignment prematurely,
you're probably due for more error messages, and you
might try typing `S' now just to see what is salvageable.

! Misplaced \noalign.
\@cline ...ht \arrayrulewidth \hfill \cr \noalign 
                                                  {\vskip -\arrayrulewidth }
l.44     \fancyhead[C]{\empresaheader
                                     } % Membrete centrado
I expect to see \noalign only after the \cr of
an alignment. Proceed, and I'll ignore this case.


Overfull \hbox (20.0pt too wide) in paragraph at lines 44--44
[]
 []

! Misplaced \omit.
\@cline #1-#2\@nil ->\omit 
                           \@multicnt #1\advance \@multispan \m@ne \ifnum \@...
l.44     \fancyhead[C]{\empresaheader
                                     } % Membrete centrado
I expect to see \omit only after tab marks or the \cr of
an alignment. Proceed, and I'll ignore this case.

! Misplaced \span.
\sp@n ->\span 
              \omit \advance \@multicnt \m@ne 
l.44     \fancyhead[C]{\empresaheader
                                     } % Membrete centrado
I can't figure out why you would want to use a tab mark
or \cr or \span just now. If something like a right brace
up above has ended a previous alignment prematurely,
you're probably due for more error messages, and you
might try typing `S' now just to see what is salvageable.

! Misplaced \omit.
\sp@n ->\span \omit 
                    \advance \@multicnt \m@ne 
l.44     \fancyhead[C]{\empresaheader
                                     } % Membrete centrado
I expect to see \omit only after tab marks or the \cr of
an alignment. Proceed, and I'll ignore this case.

! Misplaced \span.
\sp@n ->\span 
              \omit \advance \@multicnt \m@ne 
l.44     \fancyhead[C]{\empresaheader
                                     } % Membrete centrado
I can't figure out why you would want to use a tab mark
or \cr or \span just now. If something like a right brace
up above has ended a previous alignment prematurely,
you're probably due for more error messages, and you
might try typing `S' now just to see what is salvageable.

! Misplaced \omit.
\sp@n ->\span \omit 
                    \advance \@multicnt \m@ne 
l.44     \fancyhead[C]{\empresaheader
                                     } % Membrete centrado
I expect to see \omit only after tab marks or the \cr of
an alignment. Proceed, and I'll ignore this case.

! Misplaced alignment tab character &.
<argument> &
            \omit 
l.44     \fancyhead[C]{\empresaheader
                                     } % Membrete centrado
I can't figure out why you would want to use a tab mark
here. If you just want an ampersand, the remedy is
simple: Just type `I\&' now. But if some right brace
up above has ended a previous alignment prematurely,
you're probably due for more error messages, and you
might try typing `S' now just to see what is salvageable.

! Misplaced \omit.
<argument> &\omit 
                  
l.44     \fancyhead[C]{\empresaheader
                                     } % Membrete centrado
I expect to see \omit only after tab marks or the \cr of
an alignment. Proceed, and I'll ignore this case.

! Misplaced \span.
\sp@n ->\span 
              \omit \advance \@multicnt \m@ne 
l.44     \fancyhead[C]{\empresaheader
                                     } % Membrete centrado
I can't figure out why you would want to use a tab mark
or \cr or \span just now. If something like a right brace
up above has ended a previous alignment prematurely,
you're probably due for more error messages, and you
might try typing `S' now just to see what is salvageable.

! Misplaced \omit.
\sp@n ->\span \omit 
                    \advance \@multicnt \m@ne 
l.44     \fancyhead[C]{\empresaheader
                                     } % Membrete centrado
I expect to see \omit only after tab marks or the \cr of
an alignment. Proceed, and I'll ignore this case.

! Leaders not followed by proper glue.
<to be read again> 
                   \hfill 
l.44     \fancyhead[C]{\empresaheader
                                     } % Membrete centrado
You should say `\leaders <box or rule><hskip or vskip>'.
I found the <box or rule>, but there's no suitable
<hskip or vskip>, so I'm ignoring these leaders.


! LaTeX Error: Missing \begin{document}.

See the LaTeX manual or LaTeX Companion for explanation.
Type  H <return>  for immediate help.
 ...                                              
                                                  
l.44     \fancyhead[C]{\empresaheader
                                     } % Membrete centrado
You're in trouble here.  Try typing  <return>  to proceed.
If that doesn't work, type  X <return>  to quit.

! Misplaced \cr.
\@cline ...le \@height \arrayrulewidth \hfill \cr 
                                                  \noalign {\vskip -\arrayru...
l.44     \fancyhead[C]{\empresaheader
                                     } % Membrete centrado
I can't figure out why you would want to use a tab mark
or \cr or \span just now. If something like a right brace
up above has ended a previous alignment prematurely,
you're probably due for more error messages, and you
might try typing `S' now just to see what is salvageable.

! Misplaced \noalign.
\@cline ...ht \arrayrulewidth \hfill \cr \noalign 
                                                  {\vskip -\arrayrulewidth }
l.44     \fancyhead[C]{\empresaheader
                                     } % Membrete centrado
I expect to see \noalign only after the \cr of
an alignment. Proceed, and I'll ignore this case.


Overfull \hbox (20.0pt too wide) in paragraph at lines 44--44
[] 
 []


! LaTeX Error: Missing \begin{document}.

See the LaTeX manual or LaTeX Companion for explanation.
Type  H <return>  for immediate help.
 ...                                              
                                                  
l.44     \fancyhead[C]{\empresaheader
                                     } % Membrete centrado
You're in trouble here.  Try typing  <return>  to proceed.
If that doesn't work, type  X <return>  to quit.

! Undefined control sequence.
<recently read> \scriptsize 
                            
l.44     \fancyhead[C]{\empresaheader
                                     } % Membrete centrado
The control sequence at the end of the top line
of your error message was never \def'ed. If you have
misspelled it (e.g., `\hobx'), type `I' and the correct
spelling (e.g., `I\hbox'). Otherwise just continue,
and I'll forget about whatever was undefined.

! Undefined control sequence.
<argument> \scriptsize \headerlabelproject 
                                           
l.44     \fancyhead[C]{\empresaheader
                                     } % Membrete centrado
The control sequence at the end of the top line
of your error message was never \def'ed. If you have
misspelled it (e.g., `\hobx'), type `I' and the correct
spelling (e.g., `I\hbox'). Otherwise just continue,
and I'll forget about whatever was undefined.

! Misplaced alignment tab character &.
\empresaheader ...riptsize \headerlabelproject } &
                                                   \scriptsize \projectnumbe...
l.44     \fancyhead[C]{\empresaheader
                                     } % Membrete centrado
I can't figure out why you would want to use a tab mark
here. If you just want an ampersand, the remedy is
simple: Just type `I\&' now. But if some right brace
up above has ended a previous alignment prematurely,
you're probably due for more error messages, and you
might try typing `S' now just to see what is salvageable.

! Undefined control sequence.
\empresaheader ...derlabelproject } & \scriptsize 
                                                  \projectnumber & & \script...
l.44     \fancyhead[C]{\empresaheader
                                     } % Membrete centrado
The control sequence at the end of the top line
of your error message was never \def'ed. If you have
misspelled it (e.g., `\hobx'), type `I' and the correct
spelling (e.g., `I\hbox'). Otherwise just continue,
and I'll forget about whatever was undefined.

! Undefined control sequence.
\empresaheader ... } & \scriptsize \projectnumber 
                                                  & & \scriptsize \textbf {\...
l.44     \fancyhead[C]{\empresaheader
                                     } % Membrete centrado
The control sequence at the end of the top line
of your error message was never \def'ed. If you have
misspelled it (e.g., `\hobx'), type `I' and the correct
spelling (e.g., `I\hbox'). Otherwise just continue,
and I'll forget about whatever was undefined.

! Misplaced alignment tab character &.
\empresaheader ...} & \scriptsize \projectnumber &
                                                   & \scriptsize \textbf {\h...
l.44     \fancyhead[C]{\empresaheader
                                     } % Membrete centrado
I can't figure out why you would want to use a tab mark
here. If you just want an ampersand, the remedy is
simple: Just type `I\&' now. But if some right brace
up above has ended a previous alignment prematurely,
you're probably due for more error messages, and you
might try typing `S' now just to see what is salvageable.

! Misplaced alignment tab character &.
\empresaheader ...& \scriptsize \projectnumber & &
                                                   \scriptsize \textbf {\hea...
l.44     \fancyhead[C]{\empresaheader
                                     } % Membrete centrado
I can't figure out why you would want to use a tab mark
here. If you just want an ampersand, the remedy is
simple: Just type `I\&' now. But if some right brace
up above has ended a previous alignment prematurely,
you're probably due for more error messages, and you
might try typing `S' now just to see what is salvageable.

! Undefined control sequence.
\empresaheader ... \projectnumber & & \scriptsize 
                                                  \textbf {\headerlabelaprob...
l.44     \fancyhead[C]{\empresaheader
                                     } % Membrete centrado
The control sequence at the end of the top line
of your error message was never \def'ed. If you have
misspelled it (e.g., `\hobx'), type `I' and the correct
spelling (e.g., `I\hbox'). Otherwise just continue,
and I'll forget about whatever was undefined.

! Undefined control sequence.
<recently read> \headerlabelaprobo 
                                   
l.44     \fancyhead[C]{\empresaheader
                                     } % Membrete centrado
The control sequence at the end of the top line
of your error message was never \def'ed. If you have
misspelled it (e.g., `\hobx'), type `I' and the correct
spelling (e.g., `I\hbox'). Otherwise just continue,
and I'll forget about whatever was undefined.

! Misplaced alignment tab character &.
\empresaheader ... \textbf {\headerlabelaprobo } &
                                                   \scriptsize \approvedby \...
l.44     \fancyhead[C]{\empresaheader
                                     } % Membrete centrado
I can't figure out why you would want to use a tab mark
here. If you just want an ampersand, the remedy is
simple: Just type `I\&' now. But if some right brace
up above has ended a previous alignment prematurely,
you're probably due for more error messages, and you
might try typing `S' now just to see what is salvageable.

! Undefined control sequence.
\empresaheader ...aderlabelaprobo } & \scriptsize 
                                                  \approvedby \\ \hline \end...
l.44     \fancyhead[C]{\empresaheader
                                     } % Membrete centrado
The control sequence at the end of the top line
of your error message was never \def'ed. If you have
misspelled it (e.g., `\hobx'), type `I' and the correct
spelling (e.g., `I\hbox'). Otherwise just continue,
and I'll forget about whatever was undefined.

! Undefined control sequence.
\empresaheader ...obo } & \scriptsize \approvedby 
                                                  \\ \hline \end {tabularx}
l.44     \fancyhead[C]{\empresaheader
                                     } % Membrete centrado
The control sequence at the end of the top line
of your error message was never \def'ed. If you have
misspelled it (e.g., `\hobx'), type `I' and the correct
spelling (e.g., `I\hbox'). Otherwise just continue,
and I'll forget about whatever was undefined.

! Misplaced \noalign.
\hline ->\noalign 
                  {\ifnum 0=`}\fi \hrule \@height \arrayrulewidth \futurelet...
l.44     \fancyhead[C]{\empresaheader
                                     } % Membrete centrado
I expect to see \noalign only after the \cr of
an alignment. Proceed, and I'll ignore this case.


Overfull \hbox (20.0pt too wide) in paragraph at lines 44--44
[]
 []


! LaTeX Error: \begin{document} ended by \end{tabularx}.

See the LaTeX manual or LaTeX Companion for explanation.
Type  H <return>  for immediate help.
 ...                                              
                                                  
l.44     \fancyhead[C]{\empresaheader
                                     } % Membrete centrado
Your command was ignored.
Type  I <command> <return>  to replace it with another command,
or  <return>  to continue without it.

! Undefined control sequence.
l.45     \fancyfoot
                   [C]{%
The control sequence at the end of the top line
of your error message was never \def'ed. If you have
misspelled it (e.g., `\hobx'), type `I' and the correct
spelling (e.g., `I\hbox'). Otherwise just continue,
and I'll forget about whatever was undefined.


! LaTeX Error: Missing \begin{document}.

See the LaTeX manual or LaTeX Companion for explanation.
Type  H <return>  for immediate help.
 ...                                              
                                                  
l.45     \fancyfoot[
                    C]{%
You're in trouble here.  Try typing  <return>  to proceed.
If that doesn't work, type  X <return>  to quit.

Missing character: There is no [ in font nullfont!
Missing character: There is no C in font nullfont!
Missing character: There is no ] in font nullfont!
! Undefined control sequence.
l.46         \fontsize{9}{11}\selectfont\color
                                              {gray}%
The control sequence at the end of the top line
of your error message was never \def'ed. If you have
misspelled it (e.g., `\hobx'), type `I' and the correct
spelling (e.g., `I\hbox'). Otherwise just continue,
and I'll forget about whatever was undefined.

! Undefined control sequence.
l.49     \fancyfoot
                   [R]{%
The control sequence at the end of the top line
of your error message was never \def'ed. If you have
misspelled it (e.g., `\hobx'), type `I' and the correct
spelling (e.g., `I\hbox'). Otherwise just continue,
and I'll forget about whatever was undefined.

Missing character: There is no [ in font nullfont!
Missing character: There is no R in font nullfont!
Missing character: There is no ] in font nullfont!
! Undefined control sequence.
l.52         Pagina \thepage
                            \ de \pageref{LastPage}}
The control sequence at the end of the top line
of your error message was never \def'ed. If you have
misspelled it (e.g., `\hobx'), type `I' and the correct
spelling (e.g., `I\hbox'). Otherwise just continue,
and I'll forget about whatever was undefined.

! Undefined control sequence.
<write> ... Reference `LastPage' on page \thepage 
                                                  \space undefined\on@line .
l.52 ...    Pagina \thepage\ de \pageref{LastPage}
                                                  }
The control sequence at the end of the top line
of your error message was never \def'ed. If you have
misspelled it (e.g., `\hobx'), type `I' and the correct
spelling (e.g., `I\hbox'). Otherwise just continue,
and I'll forget about whatever was undefined.


LaTeX Warning: Reference `LastPage' on page  undefined on input line 52.


! LaTeX Error: Command \headrulewidth undefined.

See the LaTeX manual or LaTeX Companion for explanation.
Type  H <return>  for immediate help.
 ...                                              
                                                  
l.53     \renewcommand{\headrulewidth}
                                      {0pt} % Sin linea
Try typing  <return>  to proceed.
If that doesn't work, type  X <return>  to quit.


! LaTeX Error: Command \footrulewidth undefined.

See the LaTeX manual or LaTeX Companion for explanation.
Type  H <return>  for immediate help.
 ...                                              
                                                  
l.54     \renewcommand{\footrulewidth}
                                      {2pt} % Linea gruesa negra en pie
Try typing  <return>  to proceed.
If that doesn't work, type  X <return>  to quit.


Overfull \hbox (56.30461pt too wide) in paragraph at lines 45--56
[]\OT1/cmr/m/n/9 grayTels:
 []


Overfull \hbox (13.87491pt too wide) in paragraph at lines 45--56
\OT1/cmr/m/n/9 661
 []


Overfull \hbox (9.24994pt too wide) in paragraph at lines 45--56
\OT1/cmr/m/n/9 24
 []


Overfull \hbox (9.24994pt too wide) in paragraph at lines 45--56
\OT1/cmr/m/n/9 08
 []


Overfull \hbox (16.44434pt too wide) in paragraph at lines 45--56
\OT1/cmr/m/n/9 Cali
 []


Overfull \hbox (3.08331pt too wide) in paragraph at lines 45--56
\OT1/cmr/m/n/9 -
 []


Overfull \hbox (29.29147pt too wide) in paragraph at lines 45--56
\OT1/cmr/m/n/9 Colom-
 []


Overfull \hbox (12.33325pt too wide) in paragraph at lines 45--56
\OT1/cmr/m/n/9 bia 
 []


Overfull \hbox (9.3777pt too wide) in paragraph at lines 45--56
\OT1/cmr/m/n/9 E-
 []


Overfull \hbox (20.04153pt too wide) in paragraph at lines 45--56
\OT1/cmr/m/n/9 mail:
 []


Overfull \hbox (12.84714pt too wide) in paragraph at lines 45--56
\OT1/cmr/m/n/9 ad-
 []


Overfull \hbox (18.49988pt too wide) in paragraph at lines 45--56
\OT1/cmr/m/n/9 min-
 []


Overfull \hbox (9.30133pt too wide) in paragraph at lines 45--56
\OT1/cmr/m/n/9 is-
 []


Overfull \hbox (14.92351pt too wide) in paragraph at lines 45--56
\OT1/cmr/m/n/9 tra-
 []


Overfull \hbox (80.26892pt too wide) in paragraph at lines 45--56
\OT1/cmr/m/n/9 tivo@dmlsas.com.co
 []


Overfull \hbox (10.37762pt too wide) in paragraph at lines 45--56
\OT1/cmr/m/n/6 CI-
 []


Overfull \hbox (16.37755pt too wide) in paragraph at lines 45--56
\OT1/cmr/m/n/6 ESP-
 []


Overfull \hbox (22.60635pt too wide) in paragraph at lines 45--56
\OT1/cmr/m/n/6 001[]R0 
 []


Overfull \hbox (21.88303pt too wide) in paragraph at lines 45--56
\OT1/cmr/m/n/6 Pagina
 []


Overfull \hbox (7.33325pt too wide) in paragraph at lines 45--56
\OT1/cmr/m/n/6 de
 []


Overfull \hbox (7.8722pt too wide) in paragraph at lines 45--56
[]
 []

! Undefined control sequence.
<argument> \undefinedpagestyle 
                               
l.58 \pagestyle{corporativo}
                            
The control sequence at the end of the top line
of your error message was never \def'ed. If you have
misspelled it (e.g., `\hobx'), type `I' and the correct
spelling (e.g., `I\hbox'). Otherwise just continue,
and I'll forget about whatever was undefined.

)
! Emergency stop.
<*> ./header.tex
                
*** (job aborted, no legal \end found)

 
Here is how much of TeX's memory you used:
 59 strings out of 467867
 1061 string characters out of 5418335
 434759 words of memory out of 5000000
 29039 multiletter control sequences out of 15000+600000
 628941 words of font info for 44 fonts, out of 8000000 for 9000
 1141 hyphenation exceptions out of 8191
 19i,1n,23p,117b,154s stack positions out of 10000i,1000n,20000p,200000b,200000s
!  ==> Fatal error occurred, no output PDF file produced!
